================================================================================
🤖 Auto Sequential Ablation Runner
Root: /data2/hmy/VLM_Caus_Rm_Mics/experiments/exp_bio3.2
GPU: AUTO
Allowed GPUs: 0,1
GPU thresholds: free>=12000MB, util<=60%
GPU strategy: random
Interval: 120s
Plan:
  [1/7] baseline -> ablation_studies/baseline/config.py
  [2/7] w/o_visual_notes -> ablation_studies/w/o_visual_notes/config.py
  [3/7] w/o_adaptive_gating -> ablation_studies/w/o_adaptive_gating/config.py
  [4/7] w/o_alignment_loss -> ablation_studies/w/o_alignment_loss/config.py
  [5/7] w/o_ot_loss -> ablation_studies/w/o_ot_loss/config.py
  [6/7] w/o_dual_head -> ablation_studies/w/o_dual_head/config.py
  [7/7] w/o_cross_attn -> ablation_studies/w/o_cross_attn/config.py
================================================================================
[2026-01-22 17:12:44] 🕒 暂无满足条件的GPU，等待 120s 后重试 (free>=12000MB, util<=60%)
[2026-01-22 17:14:44] 🕒 暂无满足条件的GPU，等待 120s 后重试 (free>=12000MB, util<=60%)
[2026-01-22 17:16:44] 🕒 暂无满足条件的GPU，等待 120s 后重试 (free>=12000MB, util<=60%)
[2026-01-22 17:18:44] 🟢 选择GPU=1 (free=27596MB, util=41%)
[2026-01-22 17:18:44] 🚀 启动实验: baseline | physical_gpu=1 (CUDA_VISIBLE_DEVICES=1 -> cuda:0) | PID=258570 | log=/data2/hmy/VLM_Caus_Rm_Mics/experiments/exp_bio3.2/ablation_studies/baseline/logs/nohup_baseline_20260122_171844.log
[2026-01-22 17:20:44] 💓 仍在等待实验完成: baseline
[2026-01-22 17:22:44] 💓 仍在等待实验完成: baseline
[2026-01-22 17:24:44] 💓 仍在等待实验完成: baseline
[2026-01-22 17:26:44] 💓 仍在等待实验完成: baseline
[2026-01-22 17:28:44] 💓 仍在等待实验完成: baseline
[2026-01-22 17:30:44] 💓 仍在等待实验完成: baseline
[2026-01-22 17:32:44] 💓 仍在等待实验完成: baseline
[2026-01-22 17:34:44] 💓 仍在等待实验完成: baseline
[2026-01-22 17:36:44] 💓 仍在等待实验完成: baseline
[2026-01-22 17:38:44] 💓 仍在等待实验完成: baseline
[2026-01-22 17:40:44] 💓 仍在等待实验完成: baseline
[2026-01-22 17:42:44] 💓 仍在等待实验完成: baseline
[2026-01-22 17:44:44] 💓 仍在等待实验完成: baseline
[2026-01-22 17:46:44] 💓 仍在等待实验完成: baseline
[2026-01-22 17:48:44] 💓 仍在等待实验完成: baseline
[2026-01-22 17:50:44] 💓 仍在等待实验完成: baseline
[2026-01-22 17:52:44] 💓 仍在等待实验完成: baseline
[2026-01-22 17:54:44] 💓 仍在等待实验完成: baseline
[2026-01-22 17:56:44] 💓 仍在等待实验完成: baseline
