================================================================================
Bio-COT 3.1 Logic Loop: 以医学先验为核心的自适应推理系统
核心升级:
  1. Adaptive Modality Gating (自适应模态门控)
  2. Enhanced Visual Notes (Cross-Attention机制)
  3. Semantic-Visual Alignment Loop (语义-视觉对齐闭环)
================================================================================
数据路径: /data2/hmy/5Center_datas/5centers_multi_positive_sites_multimodal
VLM缓存路径: /data2/hmy/VLM_Caus_Rm_Mics/experiments/exp_bio4.0/data/vlm_profiles_v1.json
Text Encoder: microsoft/BiomedNLP-PubMedBERT-base-uncased-abstract-fulltext
模块配置:
  - use_visual_notes: True
  - use_ot: True
  - use_dual: True
  - use_cross_attn: True
================================================================================
✅ 使用环境变量CUDA_VISIBLE_DEVICES=1，映射到cuda:0
✅ 最终使用GPU设备: cuda:0

📊 开始加载数据集...
  ✅ 训练集加载完成: 669 个样本
  ✅ 验证集加载完成: 168 个样本

📊 正在创建Bio-COT 3.0模型...
✅ 模型创建完成
   总参数量: 12,810,508
   可训练参数量: 12,810,508

================================================================================
🚀 开始训练...
================================================================================

================================================================================
📊 Epoch 1/100 - 训练阶段
================================================================================
当前Beta: 1.000 (Warm-up策略)
总batch数: 13

  📊 Epoch 1 训练统计:
     - 平均损失: 3.598050
     - 准确率 (Accuracy): 0.5016
     - 平衡准确率 (Balanced Accuracy): 0.5014
     - F1-Score: 0.5011
     - MCC (Matthews): 0.0028

     📋 二分类详细指标:
     - Precision (阳性, PPV): 0.4983
     - Recall/Sensitivity (敏感度): 0.4710
     - Specificity (特异性): 0.5318
     - NPV (阴性预测值): 0.5045
     - Precision (加权平均): 0.5014
     - Recall (加权平均): 0.5016
     - 分类损失: 0.109096
     - OT损失: 1.579009
     - 🔥 对齐损失 (Alignment): 4.071549
     - ✅ 对齐召回率 (Recall@1): 0.0128
     - 稀疏性损失: 0.464219
     - 一致性损失: 0.515987
     - 对抗损失: 1.074531

  📊 Epoch 1/100 - 验证阶段
     当前Beta: 0.100
     第一个batch预测分布: tensor([ 3, 45], device='cuda:0')
     第一个batch标签分布: tensor([30, 18], device='cuda:0')
     第一个batch预测概率范围: [0.4045, 0.8752]

  📊 Epoch 1 验证统计:
     - 平均损失: 0.088106
     - 准确率 (Accuracy): 0.3571
     - 平衡准确率 (Balanced Accuracy): 0.5128
     - AUC (ROC): 0.6143
     - PR-AUC: 0.4219
     - F1-Score: 0.2393
     - MCC (Matthews): 0.0533

     📋 二分类详细指标:
     - Precision (阳性, PPV): 0.3333
     - Recall/Sensitivity (敏感度, TPR): 0.9636
     - Specificity (特异性, TNR): 0.0619
     - NPV (阴性预测值): 0.7778
     - Precision (加权平均): 0.6323
     - Recall (加权平均): 0.3571
     - 🔗 对齐召回率 (Recall@1): 0.0208
  ✅ 保存最佳模型 (AUC: 0.6143)

================================================================================
📊 Epoch 2/100 - 训练阶段
================================================================================
当前Beta: 1.000 (Warm-up策略)
总batch数: 13

  📊 Epoch 2 训练统计:
     - 平均损失: 2.852719
     - 准确率 (Accuracy): 0.6042
     - 平衡准确率 (Balanced Accuracy): 0.6050
     - F1-Score: 0.6035
     - MCC (Matthews): 0.2108

     📋 二分类详细指标:
     - Precision (阳性, PPV): 0.5870
     - Recall/Sensitivity (敏感度): 0.6503
     - Specificity (特异性): 0.5597
     - NPV (阴性预测值): 0.6246
     - Precision (加权平均): 0.6062
     - Recall (加权平均): 0.6042
     - 分类损失: 0.051886
     - OT损失: 0.848815
     - 🔥 对齐损失 (Alignment): 4.025153
     - ✅ 对齐召回率 (Recall@1): 0.0192
     - 稀疏性损失: 0.435341
     - 一致性损失: 0.262998
     - 对抗损失: 0.578965

  📊 Epoch 2/100 - 验证阶段
     当前Beta: 0.100
     第一个batch预测分布: tensor([24, 24], device='cuda:0')
     第一个batch标签分布: tensor([30, 18], device='cuda:0')
     第一个batch预测概率范围: [0.3577, 0.6888]

  📊 Epoch 2 验证统计:
     - 平均损失: 0.039562
     - 准确率 (Accuracy): 0.6012
     - 平衡准确率 (Balanced Accuracy): 0.6335
     - AUC (ROC): 0.7435
     - PR-AUC: 0.6424
     - F1-Score: 0.6123
     - MCC (Matthews): 0.2518

     📋 二分类详细指标:
     - Precision (阳性, PPV): 0.4348
     - Recall/Sensitivity (敏感度, TPR): 0.7273
     - Specificity (特异性, TNR): 0.5398
     - NPV (阴性预测值): 0.8026
     - Precision (加权平均): 0.6822
     - Recall (加权平均): 0.6012
     - 🔗 对齐召回率 (Recall@1): 0.0208
  ✅ 保存最佳模型 (AUC: 0.7435)

================================================================================
📊 Epoch 3/100 - 训练阶段
================================================================================
当前Beta: 1.000 (Warm-up策略)
总batch数: 13

  📊 Epoch 3 训练统计:
     - 平均损失: 2.566001
     - 准确率 (Accuracy): 0.6442
     - 平衡准确率 (Balanced Accuracy): 0.6414
     - F1-Score: 0.6432
     - MCC (Matthews): 0.2844

     📋 二分类详细指标:
     - Precision (阳性, PPV): 0.6327
     - Recall/Sensitivity (敏感度): 0.5898
     - Specificity (特异性): 0.6930
     - NPV (阴性预测值): 0.6533
     - Precision (加权平均): 0.6436
     - Recall (加权平均): 0.6442
     - 分类损失: 0.040041
     - OT损失: 0.507142
     - 🔥 对齐损失 (Alignment): 4.017499
     - ✅ 对齐召回率 (Recall@1): 0.0176
     - 稀疏性损失: 0.433346
     - 一致性损失: 0.149208
     - 对抗损失: 0.424261

  📊 Epoch 3/100 - 验证阶段
     当前Beta: 0.100
     第一个batch预测分布: tensor([29, 19], device='cuda:0')
     第一个batch标签分布: tensor([30, 18], device='cuda:0')
     第一个batch预测概率范围: [0.3232, 0.6505]

  📊 Epoch 3 验证统计:
     - 平均损失: 0.037645
     - 准确率 (Accuracy): 0.7024
     - 平衡准确率 (Balanced Accuracy): 0.6761
     - AUC (ROC): 0.7401
     - PR-AUC: 0.6451
     - F1-Score: 0.7060
     - MCC (Matthews): 0.3437

     📋 二分类详细指标:
     - Precision (阳性, PPV): 0.5410
     - Recall/Sensitivity (敏感度, TPR): 0.6000
     - Specificity (特异性, TNR): 0.7522
     - NPV (阴性预测值): 0.7944
     - Precision (加权平均): 0.7114
     - Recall (加权平均): 0.7024
     - 🔗 对齐召回率 (Recall@1): 0.0260

================================================================================
📊 Epoch 4/100 - 训练阶段
================================================================================
当前Beta: 1.000 (Warm-up策略)
总batch数: 13

  📊 Epoch 4 训练统计:
     - 平均损失: 2.442248
     - 准确率 (Accuracy): 0.6458
     - 平衡准确率 (Balanced Accuracy): 0.6394
     - F1-Score: 0.6431
     - MCC (Matthews): 0.2831

     📋 二分类详细指标:
     - Precision (阳性, PPV): 0.6324
     - Recall/Sensitivity (敏感度): 0.5556
     - Specificity (特异性): 0.7232
     - NPV (阴性预测值): 0.6550
     - Precision (加权平均): 0.6446
     - Recall (加权平均): 0.6458
     - 分类损失: 0.039978
     - OT损失: 0.365309
     - 🔥 对齐损失 (Alignment): 4.015176
     - ✅ 对齐召回率 (Recall@1): 0.0160
     - 稀疏性损失: 0.432195
     - 一致性损失: 0.092951
     - 对抗损失: 0.343656

  📊 Epoch 4/100 - 验证阶段
     当前Beta: 0.100
     第一个batch预测分布: tensor([39,  9], device='cuda:0')
     第一个batch标签分布: tensor([30, 18], device='cuda:0')
     第一个batch预测概率范围: [0.3831, 0.6222]

  📊 Epoch 4 验证统计:
     - 平均损失: 0.036236
     - 准确率 (Accuracy): 0.7381
     - 平衡准确率 (Balanced Accuracy): 0.6327
     - AUC (ROC): 0.7237
     - PR-AUC: 0.6458
     - F1-Score: 0.7043
     - MCC (Matthews): 0.3498

     📋 二分类详细指标:
     - Precision (阳性, PPV): 0.7200
     - Recall/Sensitivity (敏感度, TPR): 0.3273
     - Specificity (特异性, TNR): 0.9381
     - NPV (阴性预测值): 0.7413
     - Precision (加权平均): 0.7343
     - Recall (加权平均): 0.7381
     - 🔗 对齐召回率 (Recall@1): 0.0260

================================================================================
📊 Epoch 5/100 - 训练阶段
================================================================================
当前Beta: 1.000 (Warm-up策略)
总batch数: 13

  📊 Epoch 5 训练统计:
     - 平均损失: 2.376549
     - 准确率 (Accuracy): 0.6154
     - 平衡准确率 (Balanced Accuracy): 0.6108
     - F1-Score: 0.6116
     - MCC (Matthews): 0.2260

     📋 二分类详细指标:
     - Precision (阳性, PPV): 0.6145
     - Recall/Sensitivity (敏感度): 0.5152
     - Specificity (特异性): 0.7064
     - NPV (阴性预测值): 0.6160
     - Precision (加权平均): 0.6153
     - Recall (加权平均): 0.6154
     - 分类损失: 0.041089
     - OT损失: 0.295279
     - 🔥 对齐损失 (Alignment): 4.004011
     - ✅ 对齐召回率 (Recall@1): 0.0208
     - 稀疏性损失: 0.432278
     - 一致性损失: 0.066609
     - 对抗损失: 0.301758

  📊 Epoch 5/100 - 验证阶段
     当前Beta: 0.100
     第一个batch预测分布: tensor([35, 13], device='cuda:0')
     第一个batch标签分布: tensor([30, 18], device='cuda:0')
     第一个batch预测概率范围: [0.3176, 0.5901]

  📊 Epoch 5 验证统计:
     - 平均损失: 0.037824
     - 准确率 (Accuracy): 0.6786
     - 平衡准确率 (Balanced Accuracy): 0.6071
     - AUC (ROC): 0.6907
     - PR-AUC: 0.5549
     - F1-Score: 0.6670
     - MCC (Matthews): 0.2303

     📋 二分类详细指标:
     - Precision (阳性, PPV): 0.5116
     - Recall/Sensitivity (敏感度, TPR): 0.4000
     - Specificity (特异性, TNR): 0.8142
     - NPV (阴性预测值): 0.7360
     - Precision (加权平均): 0.6625
     - Recall (加权平均): 0.6786
     - 🔗 对齐召回率 (Recall@1): 0.0260

================================================================================
📊 Epoch 6/100 - 训练阶段
================================================================================
当前Beta: 0.940 (Warm-up策略)
总batch数: 13

  📊 Epoch 6 训练统计:
     - 平均损失: 2.344499
     - 准确率 (Accuracy): 0.6234
     - 平衡准确率 (Balanced Accuracy): 0.6230
     - F1-Score: 0.6230
     - MCC (Matthews): 0.2465

     📋 二分类详细指标:
     - Precision (阳性, PPV): 0.6254
     - Recall/Sensitivity (敏感度): 0.5909
     - Specificity (特异性): 0.6551
     - NPV (阴性预测值): 0.6216
     - Precision (加权平均): 0.6235
     - Recall (加权平均): 0.6234
     - 分类损失: 0.041677
     - OT损失: 0.250764
     - 🔥 对齐损失 (Alignment): 3.982402
     - ✅ 对齐召回率 (Recall@1): 0.0224
     - 稀疏性损失: 0.431242
     - 一致性损失: 0.048980
     - 对抗损失: 0.309763

  📊 Epoch 6/100 - 验证阶段
     当前Beta: 0.100
     第一个batch预测分布: tensor([ 8, 40], device='cuda:0')
     第一个batch标签分布: tensor([30, 18], device='cuda:0')
     第一个batch预测概率范围: [0.4298, 0.6518]

  📊 Epoch 6 验证统计:
     - 平均损失: 0.044156
     - 准确率 (Accuracy): 0.5298
     - 平衡准确率 (Balanced Accuracy): 0.6224
     - AUC (ROC): 0.7294
     - PR-AUC: 0.6202
     - F1-Score: 0.5197
     - MCC (Matthews): 0.2577

     📋 二分类详细指标:
     - Precision (阳性, PPV): 0.4016
     - Recall/Sensitivity (敏感度, TPR): 0.8909
     - Specificity (特异性, TNR): 0.3540
     - NPV (阴性预测值): 0.8696
     - Precision (加权平均): 0.7164
     - Recall (加权平均): 0.5298
     - 🔗 对齐召回率 (Recall@1): 0.0260

================================================================================
📊 Epoch 7/100 - 训练阶段
================================================================================
当前Beta: 0.880 (Warm-up策略)
总batch数: 13

  📊 Epoch 7 训练统计:
     - 平均损失: 2.321528
     - 准确率 (Accuracy): 0.5833
     - 平衡准确率 (Balanced Accuracy): 0.5819
     - F1-Score: 0.5783
     - MCC (Matthews): 0.1679

     📋 二分类详细指标:
     - Precision (阳性, PPV): 0.5737
     - Recall/Sensitivity (敏感度): 0.6899
     - Specificity (特异性): 0.4740
     - NPV (阴性预测值): 0.5984
     - Precision (加权平均): 0.5859
     - Recall (加权平均): 0.5833
     - 分类损失: 0.043301
     - OT损失: 0.223294
     - 🔥 对齐损失 (Alignment): 3.942673
     - ✅ 对齐召回率 (Recall@1): 0.0224
     - 稀疏性损失: 0.431115
     - 一致性损失: 0.039535
     - 对抗损失: 0.331560

  📊 Epoch 7/100 - 验证阶段
     当前Beta: 0.100
     第一个batch预测分布: tensor([22, 26], device='cuda:0')
     第一个batch标签分布: tensor([30, 18], device='cuda:0')
     第一个batch预测概率范围: [0.3894, 0.6043]

  📊 Epoch 7 验证统计:
     - 平均损失: 0.038655
     - 准确率 (Accuracy): 0.6488
     - 平衡准确率 (Balanced Accuracy): 0.6409
     - AUC (ROC): 0.7395
     - PR-AUC: 0.6505
     - F1-Score: 0.6580
     - MCC (Matthews): 0.2673

     📋 二分类详细指标:
     - Precision (阳性, PPV): 0.4722
     - Recall/Sensitivity (敏感度, TPR): 0.6182
     - Specificity (特异性, TNR): 0.6637
     - NPV (阴性预测值): 0.7812
     - Precision (加权平均): 0.6801
     - Recall (加权平均): 0.6488
     - 🔗 对齐召回率 (Recall@1): 0.0260

================================================================================
📊 Epoch 8/100 - 训练阶段
================================================================================
当前Beta: 0.820 (Warm-up策略)
总batch数: 13

  📊 Epoch 8 训练统计:
     - 平均损失: 2.249884
     - 准确率 (Accuracy): 0.5946
     - 平衡准确率 (Balanced Accuracy): 0.5946
     - F1-Score: 0.5946
     - MCC (Matthews): 0.1892

     📋 二分类详细指标:
     - Precision (阳性, PPV): 0.6045
     - Recall/Sensitivity (敏感度): 0.5912
     - Specificity (特异性): 0.5980
     - NPV (阴性预测值): 0.5847
     - Precision (加权平均): 0.5948
     - Recall (加权平均): 0.5946
     - 分类损失: 0.041570
     - OT损失: 0.201236
     - 🔥 对齐损失 (Alignment): 3.903142
     - ✅ 对齐召回率 (Recall@1): 0.0288
     - 稀疏性损失: 0.430399
     - 一致性损失: 0.034858
     - 对抗损失: 0.255267

  📊 Epoch 8/100 - 验证阶段
     当前Beta: 0.100
     第一个batch预测分布: tensor([28, 20], device='cuda:0')
     第一个batch标签分布: tensor([30, 18], device='cuda:0')
     第一个batch预测概率范围: [0.4007, 0.5877]

  📊 Epoch 8 验证统计:
     - 平均损失: 0.037734
     - 准确率 (Accuracy): 0.6845
     - 平衡准确率 (Balanced Accuracy): 0.6488
     - AUC (ROC): 0.7405
     - PR-AUC: 0.6435
     - F1-Score: 0.6866
     - MCC (Matthews): 0.2938

     📋 二分类详细指标:
     - Precision (阳性, PPV): 0.5172
     - Recall/Sensitivity (敏感度, TPR): 0.5455
     - Specificity (特异性, TNR): 0.7522
     - NPV (阴性预测值): 0.7727
     - Precision (加权平均): 0.6891
     - Recall (加权平均): 0.6845
     - 🔗 对齐召回率 (Recall@1): 0.0104

================================================================================
📊 Epoch 9/100 - 训练阶段
================================================================================
当前Beta: 0.760 (Warm-up策略)
总batch数: 13
